[0.336s] Invoking command in '/home/gohan/ros2_ws/src/fruitninja/build/fruitninja': PYTHONPATH=/home/gohan/ros2_ws/src/fruitninja/build/fruitninja/prefix_override:/usr/lib/python3/dist-packages/colcon_core/task/python/colcon_distutils_commands:/home/gohan/ros2_ws/src/fruitninja/install/fruitninja/lib/python3.10/site-packages:${PYTHONPATH} /usr/bin/python3 -W ignore:setup.py install is deprecated -W ignore:easy_install command is deprecated setup.py develop --editable --build-directory /home/gohan/ros2_ws/src/fruitninja/build/fruitninja/build --no-deps symlink_data
[0.502s] running develop
[0.581s] running egg_info
[0.582s] creating fruitninja.egg-info
[0.582s] writing fruitninja.egg-info/PKG-INFO
[0.582s] writing dependency_links to fruitninja.egg-info/dependency_links.txt
[0.582s] writing entry points to fruitninja.egg-info/entry_points.txt
[0.582s] writing requirements to fruitninja.egg-info/requires.txt
[0.582s] writing top-level names to fruitninja.egg-info/top_level.txt
[0.583s] writing manifest file 'fruitninja.egg-info/SOURCES.txt'
[0.584s] reading manifest file 'fruitninja.egg-info/SOURCES.txt'
[0.584s] writing manifest file 'fruitninja.egg-info/SOURCES.txt'
[0.585s] running build_ext
[0.586s] Creating /home/gohan/ros2_ws/src/fruitninja/install/fruitninja/lib/python3.10/site-packages/fruitninja.egg-link (link to .)
[0.586s] Installing grid_mover script to /home/gohan/ros2_ws/src/fruitninja/install/fruitninja/lib/fruitninja
[0.586s] Installing gui script to /home/gohan/ros2_ws/src/fruitninja/install/fruitninja/lib/fruitninja
[0.586s] Installing gui_sim script to /home/gohan/ros2_ws/src/fruitninja/install/fruitninja/lib/fruitninja
[0.586s] Installing gui_ur3e script to /home/gohan/ros2_ws/src/fruitninja/install/fruitninja/lib/fruitninja
[0.587s] Installing movement script to /home/gohan/ros2_ws/src/fruitninja/install/fruitninja/lib/fruitninja
[0.587s] Installing planning_scene script to /home/gohan/ros2_ws/src/fruitninja/install/fruitninja/lib/fruitninja
[0.587s] Installing real_gui_points script to /home/gohan/ros2_ws/src/fruitninja/install/fruitninja/lib/fruitninja
[0.587s] Installing reset script to /home/gohan/ros2_ws/src/fruitninja/install/fruitninja/lib/fruitninja
[0.587s] Installing safety_node script to /home/gohan/ros2_ws/src/fruitninja/install/fruitninja/lib/fruitninja
[0.587s] Installing startup_gui script to /home/gohan/ros2_ws/src/fruitninja/install/fruitninja/lib/fruitninja
[0.587s] 
[0.587s] Installed /home/gohan/ros2_ws/src/fruitninja/build/fruitninja
[0.587s] running symlink_data
[0.587s] creating /home/gohan/ros2_ws/src/fruitninja/install/fruitninja/share/ament_index
[0.587s] creating /home/gohan/ros2_ws/src/fruitninja/install/fruitninja/share/ament_index/resource_index
[0.587s] creating /home/gohan/ros2_ws/src/fruitninja/install/fruitninja/share/ament_index/resource_index/packages
[0.587s] symbolically linking /home/gohan/ros2_ws/src/fruitninja/build/fruitninja/resource/fruitninja -> /home/gohan/ros2_ws/src/fruitninja/install/fruitninja/share/ament_index/resource_index/packages
[0.587s] symbolically linking /home/gohan/ros2_ws/src/fruitninja/build/fruitninja/package.xml -> /home/gohan/ros2_ws/src/fruitninja/install/fruitninja/share/fruitninja
[0.587s] creating /home/gohan/ros2_ws/src/fruitninja/install/fruitninja/share/fruitninja/launch
[0.587s] symbolically linking /home/gohan/ros2_ws/src/fruitninja/build/fruitninja/launch/Movie.py -> /home/gohan/ros2_ws/src/fruitninja/install/fruitninja/share/fruitninja/launch
[0.587s] symbolically linking /home/gohan/ros2_ws/src/fruitninja/build/fruitninja/launch/fruitninja.launch.py -> /home/gohan/ros2_ws/src/fruitninja/install/fruitninja/share/fruitninja/launch
[0.587s] symbolically linking /home/gohan/ros2_ws/src/fruitninja/build/fruitninja/launch/Cutting.launch.py -> /home/gohan/ros2_ws/src/fruitninja/install/fruitninja/share/fruitninja/launch
[0.587s] creating /home/gohan/ros2_ws/src/fruitninja/install/fruitninja/share/fruitninja/urdf
[0.587s] symbolically linking /home/gohan/ros2_ws/src/fruitninja/build/fruitninja/urdf/ur3e_workcell.urdf.xacro -> /home/gohan/ros2_ws/src/fruitninja/install/fruitninja/share/fruitninja/urdf
[0.587s] creating /home/gohan/ros2_ws/src/fruitninja/install/fruitninja/share/fruitninja/meshes
[0.588s] symbolically linking /home/gohan/ros2_ws/src/fruitninja/build/fruitninja/trolley/UR3eTrolley.dae -> /home/gohan/ros2_ws/src/fruitninja/install/fruitninja/share/fruitninja/meshes
[0.608s] Invoked command in '/home/gohan/ros2_ws/src/fruitninja/build/fruitninja' returned '0': PYTHONPATH=/home/gohan/ros2_ws/src/fruitninja/build/fruitninja/prefix_override:/usr/lib/python3/dist-packages/colcon_core/task/python/colcon_distutils_commands:/home/gohan/ros2_ws/src/fruitninja/install/fruitninja/lib/python3.10/site-packages:${PYTHONPATH} /usr/bin/python3 -W ignore:setup.py install is deprecated -W ignore:easy_install command is deprecated setup.py develop --editable --build-directory /home/gohan/ros2_ws/src/fruitninja/build/fruitninja/build --no-deps symlink_data
