[0.057s] DEBUG:colcon:Command line arguments: ['/usr/bin/colcon', 'build', '--packages-select', 'fruitninja', '--symlink-install']
[0.057s] DEBUG:colcon:Parsed command line arguments: Namespace(log_base=None, log_level=None, verb_name='build', build_base='build', install_base='install', merge_install=False, symlink_install=True, test_result_base=None, continue_on_error=False, executor='parallel', parallel_workers=16, event_handlers=None, ignore_user_meta=False, metas=['./colcon.meta'], base_paths=['.'], packages_ignore=None, packages_ignore_regex=None, paths=None, packages_up_to=None, packages_up_to_regex=None, packages_above=None, packages_above_and_dependencies=None, packages_above_depth=None, packages_select_by_dep=None, packages_skip_by_dep=None, packages_skip_up_to=None, packages_select_build_failed=False, packages_skip_build_finished=False, packages_select_test_failures=False, packages_skip_test_passed=False, packages_select=['fruitninja'], packages_skip=None, packages_select_regex=None, packages_skip_regex=None, packages_start=None, packages_end=None, allow_overriding=[], cmake_args=None, cmake_target=None, cmake_target_skip_unavailable=False, cmake_clean_cache=False, cmake_clean_first=False, cmake_force_configure=False, ament_cmake_args=None, catkin_cmake_args=None, catkin_skip_building_tests=False, mixin_files=None, mixin=None, verb_parser=<colcon_mixin.mixin.mixin_argument.MixinArgumentDecorator object at 0x745b4d7765f0>, verb_extension=<colcon_core.verb.build.BuildVerb object at 0x745b4d776140>, main=<bound method BuildVerb.main of <colcon_core.verb.build.BuildVerb object at 0x745b4d776140>>, mixin_verb=('build',))
[0.140s] Level 1:colcon.colcon_core.package_discovery:discover_packages(colcon_meta) check parameters
[0.140s] Level 1:colcon.colcon_core.package_discovery:discover_packages(recursive) check parameters
[0.140s] Level 1:colcon.colcon_core.package_discovery:discover_packages(ignore) check parameters
[0.140s] Level 1:colcon.colcon_core.package_discovery:discover_packages(path) check parameters
[0.140s] Level 1:colcon.colcon_core.package_discovery:discover_packages(colcon_meta) discover
[0.140s] Level 1:colcon.colcon_core.package_discovery:discover_packages(recursive) discover
[0.140s] INFO:colcon.colcon_core.package_discovery:Crawling recursively for packages in '/home/gohan/ros2_ws/src/fruitninja'
[0.140s] Level 1:colcon.colcon_core.package_identification:_identify(.) by extensions ['ignore', 'ignore_ament_install']
[0.140s] Level 1:colcon.colcon_core.package_identification:_identify(.) by extension 'ignore'
[0.140s] Level 1:colcon.colcon_core.package_identification:_identify(.) by extension 'ignore_ament_install'
[0.140s] Level 1:colcon.colcon_core.package_identification:_identify(.) by extensions ['colcon_pkg']
[0.140s] Level 1:colcon.colcon_core.package_identification:_identify(.) by extension 'colcon_pkg'
[0.140s] Level 1:colcon.colcon_core.package_identification:_identify(.) by extensions ['colcon_meta']
[0.140s] Level 1:colcon.colcon_core.package_identification:_identify(.) by extension 'colcon_meta'
[0.140s] Level 1:colcon.colcon_core.package_identification:_identify(.) by extensions ['ros']
[0.140s] Level 1:colcon.colcon_core.package_identification:_identify(.) by extension 'ros'
[0.147s] DEBUG:colcon.colcon_core.package_identification:Package '.' with type 'ros.ament_python' and name 'fruitninja'
[0.147s] Level 1:colcon.colcon_core.package_discovery:discover_packages(recursive) using defaults
[0.147s] Level 1:colcon.colcon_core.package_discovery:discover_packages(ignore) discover
[0.147s] Level 1:colcon.colcon_core.package_discovery:discover_packages(ignore) using defaults
[0.147s] Level 1:colcon.colcon_core.package_discovery:discover_packages(path) discover
[0.147s] Level 1:colcon.colcon_core.package_discovery:discover_packages(path) using defaults
[0.163s] Level 1:colcon.colcon_core.package_discovery:discover_packages(prefix_path) check parameters
[0.164s] Level 1:colcon.colcon_core.package_discovery:discover_packages(prefix_path) discover
[0.164s] DEBUG:colcon.colcon_installed_package_information.package_discovery:Found 1 installed packages in /home/gohan/ros2_ws/install
[0.166s] DEBUG:colcon.colcon_installed_package_information.package_discovery:Found 373 installed packages in /opt/ros/humble
[0.167s] Level 1:colcon.colcon_core.package_discovery:discover_packages(prefix_path) using defaults
[0.190s] Level 5:colcon.colcon_core.verb:set package 'fruitninja' build argument 'cmake_args' from command line to 'None'
[0.190s] Level 5:colcon.colcon_core.verb:set package 'fruitninja' build argument 'cmake_target' from command line to 'None'
[0.190s] Level 5:colcon.colcon_core.verb:set package 'fruitninja' build argument 'cmake_target_skip_unavailable' from command line to 'False'
[0.190s] Level 5:colcon.colcon_core.verb:set package 'fruitninja' build argument 'cmake_clean_cache' from command line to 'False'
[0.190s] Level 5:colcon.colcon_core.verb:set package 'fruitninja' build argument 'cmake_clean_first' from command line to 'False'
[0.190s] Level 5:colcon.colcon_core.verb:set package 'fruitninja' build argument 'cmake_force_configure' from command line to 'False'
[0.190s] Level 5:colcon.colcon_core.verb:set package 'fruitninja' build argument 'ament_cmake_args' from command line to 'None'
[0.190s] Level 5:colcon.colcon_core.verb:set package 'fruitninja' build argument 'catkin_cmake_args' from command line to 'None'
[0.190s] Level 5:colcon.colcon_core.verb:set package 'fruitninja' build argument 'catkin_skip_building_tests' from command line to 'False'
[0.190s] DEBUG:colcon.colcon_core.verb:Building package 'fruitninja' with the following arguments: {'ament_cmake_args': None, 'build_base': '/home/gohan/ros2_ws/src/fruitninja/build/fruitninja', 'catkin_cmake_args': None, 'catkin_skip_building_tests': False, 'cmake_args': None, 'cmake_clean_cache': False, 'cmake_clean_first': False, 'cmake_force_configure': False, 'cmake_target': None, 'cmake_target_skip_unavailable': False, 'install_base': '/home/gohan/ros2_ws/src/fruitninja/install/fruitninja', 'merge_install': False, 'path': '/home/gohan/ros2_ws/src/fruitninja', 'symlink_install': True, 'test_result_base': None}
[0.190s] INFO:colcon.colcon_core.executor:Executing jobs using 'parallel' executor
[0.191s] DEBUG:colcon.colcon_parallel_executor.executor.parallel:run_until_complete
[0.191s] INFO:colcon.colcon_ros.task.ament_python.build:Building ROS package in '/home/gohan/ros2_ws/src/fruitninja' with build type 'ament_python'
[0.191s] Level 1:colcon.colcon_core.shell:create_environment_hook('fruitninja', 'ament_prefix_path')
[0.192s] INFO:colcon.colcon_core.plugin_system:Skipping extension 'colcon_core.shell.bat': Not used on non-Windows systems
[0.192s] INFO:colcon.colcon_core.shell:Creating environment hook '/home/gohan/ros2_ws/src/fruitninja/install/fruitninja/share/fruitninja/hook/ament_prefix_path.ps1'
[0.192s] INFO:colcon.colcon_core.shell:Creating environment descriptor '/home/gohan/ros2_ws/src/fruitninja/install/fruitninja/share/fruitninja/hook/ament_prefix_path.dsv'
[0.193s] INFO:colcon.colcon_core.shell:Creating environment hook '/home/gohan/ros2_ws/src/fruitninja/install/fruitninja/share/fruitninja/hook/ament_prefix_path.sh'
[0.193s] INFO:colcon.colcon_core.shell:Skip shell extension 'powershell' for command environment: Not usable outside of PowerShell
[0.193s] DEBUG:colcon.colcon_core.shell:Skip shell extension 'dsv' for command environment
[0.334s] INFO:colcon.colcon_core.task.python.build:Building Python package in '/home/gohan/ros2_ws/src/fruitninja'
[0.334s] INFO:colcon.colcon_core.shell:Skip shell extension 'powershell' for command environment: Not usable outside of PowerShell
[0.334s] DEBUG:colcon.colcon_core.shell:Skip shell extension 'dsv' for command environment
[0.527s] DEBUG:colcon.colcon_core.event_handler.log_command:Invoking command in '/home/gohan/ros2_ws/src/fruitninja/build/fruitninja': PYTHONPATH=/home/gohan/ros2_ws/src/fruitninja/build/fruitninja/prefix_override:/usr/lib/python3/dist-packages/colcon_core/task/python/colcon_distutils_commands:/home/gohan/ros2_ws/src/fruitninja/install/fruitninja/lib/python3.10/site-packages:${PYTHONPATH} /usr/bin/python3 -W ignore:setup.py install is deprecated -W ignore:easy_install command is deprecated setup.py develop --editable --build-directory /home/gohan/ros2_ws/src/fruitninja/build/fruitninja/build --no-deps symlink_data
[0.798s] Level 1:colcon.colcon_core.shell:create_environment_hook('fruitninja', 'pythonpath_develop')
[0.799s] INFO:colcon.colcon_core.shell:Creating environment hook '/home/gohan/ros2_ws/src/fruitninja/build/fruitninja/share/fruitninja/hook/pythonpath_develop.ps1'
[0.799s] DEBUG:colcon.colcon_core.event_handler.log_command:Invoked command in '/home/gohan/ros2_ws/src/fruitninja/build/fruitninja' returned '0': PYTHONPATH=/home/gohan/ros2_ws/src/fruitninja/build/fruitninja/prefix_override:/usr/lib/python3/dist-packages/colcon_core/task/python/colcon_distutils_commands:/home/gohan/ros2_ws/src/fruitninja/install/fruitninja/lib/python3.10/site-packages:${PYTHONPATH} /usr/bin/python3 -W ignore:setup.py install is deprecated -W ignore:easy_install command is deprecated setup.py develop --editable --build-directory /home/gohan/ros2_ws/src/fruitninja/build/fruitninja/build --no-deps symlink_data
[0.800s] INFO:colcon.colcon_core.shell:Creating environment descriptor '/home/gohan/ros2_ws/src/fruitninja/build/fruitninja/share/fruitninja/hook/pythonpath_develop.dsv'
[0.800s] INFO:colcon.colcon_core.shell:Creating environment hook '/home/gohan/ros2_ws/src/fruitninja/build/fruitninja/share/fruitninja/hook/pythonpath_develop.sh'
[0.801s] Level 1:colcon.colcon_core.environment:checking '/home/gohan/ros2_ws/src/fruitninja/install/fruitninja' for CMake module files
[0.801s] Level 1:colcon.colcon_core.environment:checking '/home/gohan/ros2_ws/src/fruitninja/install/fruitninja' for CMake config files
[0.802s] Level 1:colcon.colcon_core.environment:checking '/home/gohan/ros2_ws/src/fruitninja/install/fruitninja/lib'
[0.802s] Level 1:colcon.colcon_core.environment:checking '/home/gohan/ros2_ws/src/fruitninja/install/fruitninja/bin'
[0.802s] Level 1:colcon.colcon_core.environment:checking '/home/gohan/ros2_ws/src/fruitninja/install/fruitninja/lib/pkgconfig/fruitninja.pc'
[0.802s] Level 1:colcon.colcon_core.environment:checking '/home/gohan/ros2_ws/src/fruitninja/install/fruitninja/lib/python3.10/site-packages'
[0.802s] Level 1:colcon.colcon_core.shell:create_environment_hook('fruitninja', 'pythonpath')
[0.802s] INFO:colcon.colcon_core.shell:Creating environment hook '/home/gohan/ros2_ws/src/fruitninja/install/fruitninja/share/fruitninja/hook/pythonpath.ps1'
[0.803s] INFO:colcon.colcon_core.shell:Creating environment descriptor '/home/gohan/ros2_ws/src/fruitninja/install/fruitninja/share/fruitninja/hook/pythonpath.dsv'
[0.803s] INFO:colcon.colcon_core.shell:Creating environment hook '/home/gohan/ros2_ws/src/fruitninja/install/fruitninja/share/fruitninja/hook/pythonpath.sh'
[0.803s] Level 1:colcon.colcon_core.environment:checking '/home/gohan/ros2_ws/src/fruitninja/install/fruitninja/bin'
[0.803s] Level 1:colcon.colcon_core.environment:create_environment_scripts_only(fruitninja)
[0.803s] INFO:colcon.colcon_core.shell:Creating package script '/home/gohan/ros2_ws/src/fruitninja/install/fruitninja/share/fruitninja/package.ps1'
[0.804s] INFO:colcon.colcon_core.shell:Creating package descriptor '/home/gohan/ros2_ws/src/fruitninja/install/fruitninja/share/fruitninja/package.dsv'
[0.804s] INFO:colcon.colcon_core.shell:Creating package script '/home/gohan/ros2_ws/src/fruitninja/install/fruitninja/share/fruitninja/package.sh'
[0.804s] INFO:colcon.colcon_core.shell:Creating package script '/home/gohan/ros2_ws/src/fruitninja/install/fruitninja/share/fruitninja/package.bash'
[0.805s] INFO:colcon.colcon_core.shell:Creating package script '/home/gohan/ros2_ws/src/fruitninja/install/fruitninja/share/fruitninja/package.zsh'
[0.805s] Level 1:colcon.colcon_core.environment:create_file_with_runtime_dependencies(/home/gohan/ros2_ws/src/fruitninja/install/fruitninja/share/colcon-core/packages/fruitninja)
[0.805s] DEBUG:colcon.colcon_parallel_executor.executor.parallel:closing loop
[0.805s] DEBUG:colcon.colcon_parallel_executor.executor.parallel:loop closed
[0.805s] DEBUG:colcon.colcon_parallel_executor.executor.parallel:run_until_complete finished with '0'
[0.805s] DEBUG:colcon.colcon_core.event_reactor:joining thread
[0.809s] INFO:colcon.colcon_core.plugin_system:Skipping extension 'colcon_notification.desktop_notification.terminal_notifier': Not used on non-Darwin systems
[0.809s] INFO:colcon.colcon_core.plugin_system:Skipping extension 'colcon_notification.desktop_notification.win32': Not used on non-Windows systems
[0.809s] INFO:colcon.colcon_notification.desktop_notification:Sending desktop notification using 'notify2'
[0.818s] DEBUG:colcon.colcon_core.event_reactor:joined thread
[0.819s] INFO:colcon.colcon_core.shell:Creating prefix script '/home/gohan/ros2_ws/src/fruitninja/install/local_setup.ps1'
[0.819s] INFO:colcon.colcon_core.shell:Creating prefix util module '/home/gohan/ros2_ws/src/fruitninja/install/_local_setup_util_ps1.py'
[0.820s] INFO:colcon.colcon_core.shell:Creating prefix chain script '/home/gohan/ros2_ws/src/fruitninja/install/setup.ps1'
[0.822s] INFO:colcon.colcon_core.shell:Creating prefix script '/home/gohan/ros2_ws/src/fruitninja/install/local_setup.sh'
[0.822s] INFO:colcon.colcon_core.shell:Creating prefix util module '/home/gohan/ros2_ws/src/fruitninja/install/_local_setup_util_sh.py'
[0.822s] INFO:colcon.colcon_core.shell:Creating prefix chain script '/home/gohan/ros2_ws/src/fruitninja/install/setup.sh'
[0.823s] INFO:colcon.colcon_core.shell:Creating prefix script '/home/gohan/ros2_ws/src/fruitninja/install/local_setup.bash'
[0.823s] INFO:colcon.colcon_core.shell:Creating prefix chain script '/home/gohan/ros2_ws/src/fruitninja/install/setup.bash'
[0.824s] INFO:colcon.colcon_core.shell:Creating prefix script '/home/gohan/ros2_ws/src/fruitninja/install/local_setup.zsh'
[0.824s] INFO:colcon.colcon_core.shell:Creating prefix chain script '/home/gohan/ros2_ws/src/fruitninja/install/setup.zsh'
